Fehelerbehebung